Archive member included to satisfy reference by file (symbol)

d:/programs/stm32cubeide_1.12.0/stm32cubeide/plugins/com.st.stm32cube.ide.mcu.externaltools.gnu-tools-for-stm32.10.3-2021.10.win32_1.0.200.202301161003/tools/bin/../lib/gcc/arm-none-eabi/10.3.1/../../../../arm-none-eabi/lib/thumb/v7-m/nofp\libc_nano.a(lib_a-errno.o)
                              ./Core/Src/syscalls.o (__errno)
d:/programs/stm32cubeide_1.12.0/stm32cubeide/plugins/com.st.stm32cube.ide.mcu.externaltools.gnu-tools-for-stm32.10.3-2021.10.win32_1.0.200.202301161003/tools/bin/../lib/gcc/arm-none-eabi/10.3.1/../../../../arm-none-eabi/lib/thumb/v7-m/nofp\libc_nano.a(lib_a-exit.o)
                              d:/programs/stm32cubeide_1.12.0/stm32cubeide/plugins/com.st.stm32cube.ide.mcu.externaltools.gnu-tools-for-stm32.10.3-2021.10.win32_1.0.200.202301161003/tools/bin/../lib/gcc/arm-none-eabi/10.3.1/../../../../arm-none-eabi/lib/thumb/v7-m/nofp/crt0.o (exit)
d:/programs/stm32cubeide_1.12.0/stm32cubeide/plugins/com.st.stm32cube.ide.mcu.externaltools.gnu-tools-for-stm32.10.3-2021.10.win32_1.0.200.202301161003/tools/bin/../lib/gcc/arm-none-eabi/10.3.1/../../../../arm-none-eabi/lib/thumb/v7-m/nofp\libc_nano.a(lib_a-impure.o)
                              d:/programs/stm32cubeide_1.12.0/stm32cubeide/plugins/com.st.stm32cube.ide.mcu.externaltools.gnu-tools-for-stm32.10.3-2021.10.win32_1.0.200.202301161003/tools/bin/../lib/gcc/arm-none-eabi/10.3.1/../../../../arm-none-eabi/lib/thumb/v7-m/nofp\libc_nano.a(lib_a-exit.o) (_global_impure_ptr)
d:/programs/stm32cubeide_1.12.0/stm32cubeide/plugins/com.st.stm32cube.ide.mcu.externaltools.gnu-tools-for-stm32.10.3-2021.10.win32_1.0.200.202301161003/tools/bin/../lib/gcc/arm-none-eabi/10.3.1/../../../../arm-none-eabi/lib/thumb/v7-m/nofp\libc_nano.a(lib_a-init.o)
                              d:/programs/stm32cubeide_1.12.0/stm32cubeide/plugins/com.st.stm32cube.ide.mcu.externaltools.gnu-tools-for-stm32.10.3-2021.10.win32_1.0.200.202301161003/tools/bin/../lib/gcc/arm-none-eabi/10.3.1/../../../../arm-none-eabi/lib/thumb/v7-m/nofp/crt0.o (__libc_init_array)
d:/programs/stm32cubeide_1.12.0/stm32cubeide/plugins/com.st.stm32cube.ide.mcu.externaltools.gnu-tools-for-stm32.10.3-2021.10.win32_1.0.200.202301161003/tools/bin/../lib/gcc/arm-none-eabi/10.3.1/../../../../arm-none-eabi/lib/thumb/v7-m/nofp\libc_nano.a(lib_a-memset.o)
                              d:/programs/stm32cubeide_1.12.0/stm32cubeide/plugins/com.st.stm32cube.ide.mcu.externaltools.gnu-tools-for-stm32.10.3-2021.10.win32_1.0.200.202301161003/tools/bin/../lib/gcc/arm-none-eabi/10.3.1/../../../../arm-none-eabi/lib/thumb/v7-m/nofp/crt0.o (memset)

Discarded input sections

 .text          0x0000000000000000        0x0 d:/programs/stm32cubeide_1.12.0/stm32cubeide/plugins/com.st.stm32cube.ide.mcu.externaltools.gnu-tools-for-stm32.10.3-2021.10.win32_1.0.200.202301161003/tools/bin/../lib/gcc/arm-none-eabi/10.3.1/thumb/v7-m/nofp/crti.o
 .data          0x0000000000000000        0x0 d:/programs/stm32cubeide_1.12.0/stm32cubeide/plugins/com.st.stm32cube.ide.mcu.externaltools.gnu-tools-for-stm32.10.3-2021.10.win32_1.0.200.202301161003/tools/bin/../lib/gcc/arm-none-eabi/10.3.1/thumb/v7-m/nofp/crti.o
 .bss           0x0000000000000000        0x0 d:/programs/stm32cubeide_1.12.0/stm32cubeide/plugins/com.st.stm32cube.ide.mcu.externaltools.gnu-tools-for-stm32.10.3-2021.10.win32_1.0.200.202301161003/tools/bin/../lib/gcc/arm-none-eabi/10.3.1/thumb/v7-m/nofp/crti.o
 .data          0x0000000000000000        0x4 d:/programs/stm32cubeide_1.12.0/stm32cubeide/plugins/com.st.stm32cube.ide.mcu.externaltools.gnu-tools-for-stm32.10.3-2021.10.win32_1.0.200.202301161003/tools/bin/../lib/gcc/arm-none-eabi/10.3.1/thumb/v7-m/nofp/crtbegin.o
 .rodata        0x0000000000000000       0x24 d:/programs/stm32cubeide_1.12.0/stm32cubeide/plugins/com.st.stm32cube.ide.mcu.externaltools.gnu-tools-for-stm32.10.3-2021.10.win32_1.0.200.202301161003/tools/bin/../lib/gcc/arm-none-eabi/10.3.1/thumb/v7-m/nofp/crtbegin.o
 .text          0x0000000000000000       0x7c d:/programs/stm32cubeide_1.12.0/stm32cubeide/plugins/com.st.stm32cube.ide.mcu.externaltools.gnu-tools-for-stm32.10.3-2021.10.win32_1.0.200.202301161003/tools/bin/../lib/gcc/arm-none-eabi/10.3.1/../../../../arm-none-eabi/lib/thumb/v7-m/nofp/crt0.o
 .data          0x0000000000000000        0x0 d:/programs/stm32cubeide_1.12.0/stm32cubeide/plugins/com.st.stm32cube.ide.mcu.externaltools.gnu-tools-for-stm32.10.3-2021.10.win32_1.0.200.202301161003/tools/bin/../lib/gcc/arm-none-eabi/10.3.1/../../../../arm-none-eabi/lib/thumb/v7-m/nofp/crt0.o
 .bss           0x0000000000000000        0x0 d:/programs/stm32cubeide_1.12.0/stm32cubeide/plugins/com.st.stm32cube.ide.mcu.externaltools.gnu-tools-for-stm32.10.3-2021.10.win32_1.0.200.202301161003/tools/bin/../lib/gcc/arm-none-eabi/10.3.1/../../../../arm-none-eabi/lib/thumb/v7-m/nofp/crt0.o
[...]
Memory Configuration

Name             Origin             Length             Attributes
RAM              0x0000000020000000 0x0000000000002800 xrw
FLASH            0x0000000008000000 0x0000000000008000 xr
*default*        0x0000000000000000 0xffffffffffffffff

Linker script and memory map

LOAD d:/programs/stm32cubeide_1.12.0/stm32cubeide/plugins/com.st.stm32cube.ide.mcu.externaltools.gnu-tools-for-stm32.10.3-2021.10.win32_1.0.200.202301161003/tools/bin/../lib/gcc/arm-none-eabi/10.3.1/thumb/v7-m/nofp/crti.o
LOAD d:/programs/stm32cubeide_1.12.0/stm32cubeide/plugins/com.st.stm32cube.ide.mcu.externaltools.gnu-tools-for-stm32.10.3-2021.10.win32_1.0.200.202301161003/tools/bin/../lib/gcc/arm-none-eabi/10.3.1/thumb/v7-m/nofp/crtbegin.o
LOAD d:/programs/stm32cubeide_1.12.0/stm32cubeide/plugins/com.st.stm32cube.ide.mcu.externaltools.gnu-tools-for-stm32.10.3-2021.10.win32_1.0.200.202301161003/tools/bin/../lib/gcc/arm-none-eabi/10.3.1/../../../../arm-none-eabi/lib/thumb/v7-m/nofp/crt0.o
LOAD ./Core/Src/input_processing.o
LOAD ./Core/Src/input_reading.o
LOAD ./Core/Src/led_display.o
LOAD ./Core/Src/main.o
LOAD ./Core/Src/stm32f1xx_hal_msp.o
LOAD ./Core/Src/stm32f1xx_it.o
LOAD ./Core/Src/syscalls.o
LOAD ./Core/Src/sysmem.o
LOAD ./Core/Src/system_stm32f1xx.o
LOAD ./Core/Src/timer.o
LOAD ./Core/Startup/startup_stm32f103c6tx.o
LOAD ./Drivers/STM32F1xx_HAL_Driver/Src/stm32f1xx_hal.o
LOAD ./Drivers/STM32F1xx_HAL_Driver/Src/stm32f1xx_hal_cortex.o
LOAD ./Drivers/STM32F1xx_HAL_Driver/Src/stm32f1xx_hal_dma.o
LOAD ./Drivers/STM32F1xx_HAL_Driver/Src/stm32f1xx_hal_exti.o
LOAD ./Drivers/STM32F1xx_HAL_Driver/Src/stm32f1xx_hal_flash.o
LOAD ./Drivers/STM32F1xx_HAL_Driver/Src/stm32f1xx_hal_flash_ex.o
LOAD ./Drivers/STM32F1xx_HAL_Driver/Src/stm32f1xx_hal_gpio.o
LOAD ./Drivers/STM32F1xx_HAL_Driver/Src/stm32f1xx_hal_gpio_ex.o
LOAD ./Drivers/STM32F1xx_HAL_Driver/Src/stm32f1xx_hal_pwr.o
LOAD ./Drivers/STM32F1xx_HAL_Driver/Src/stm32f1xx_hal_rcc.o
LOAD ./Drivers/STM32F1xx_HAL_Driver/Src/stm32f1xx_hal_rcc_ex.o
LOAD ./Drivers/STM32F1xx_HAL_Driver/Src/stm32f1xx_hal_tim.o
LOAD ./Drivers/STM32F1xx_HAL_Driver/Src/stm32f1xx_hal_tim_ex.o
START GROUP
LOAD d:/programs/stm32cubeide_1.12.0/stm32cubeide/plugins/com.st.stm32cube.ide.mcu.externaltools.gnu-tools-for-stm32.10.3-2021.10.win32_1.0.200.202301161003/tools/bin/../lib/gcc/arm-none-eabi/10.3.1/../../../../arm-none-eabi/lib/thumb/v7-m/nofp\libc_nano.a
LOAD d:/programs/stm32cubeide_1.12.0/stm32cubeide/plugins/com.st.stm32cube.ide.mcu.externaltools.gnu-tools-for-stm32.10.3-2021.10.win32_1.0.200.202301161003/tools/bin/../lib/gcc/arm-none-eabi/10.3.1/../../../../arm-none-eabi/lib/thumb/v7-m/nofp\libm.a
END GROUP
START GROUP
LOAD d:/programs/stm32cubeide_1.12.0/stm32cubeide/plugins/com.st.stm32cube.ide.mcu.externaltools.gnu-tools-for-stm32.10.3-2021.10.win32_1.0.200.202301161003/tools/bin/../lib/gcc/arm-none-eabi/10.3.1/thumb/v7-m/nofp\libgcc.a
LOAD d:/programs/stm32cubeide_1.12.0/stm32cubeide/plugins/com.st.stm32cube.ide.mcu.externaltools.gnu-tools-for-stm32.10.3-2021.10.win32_1.0.200.202301161003/tools/bin/../lib/gcc/arm-none-eabi/10.3.1/../../../../arm-none-eabi/lib/thumb/v7-m/nofp\libc_nano.a
END GROUP
START GROUP
LOAD d:/programs/stm32cubeide_1.12.0/stm32cubeide/plugins/com.st.stm32cube.ide.mcu.externaltools.gnu-tools-for-stm32.10.3-2021.10.win32_1.0.200.202301161003/tools/bin/../lib/gcc/arm-none-eabi/10.3.1/thumb/v7-m/nofp\libgcc.a
LOAD d:/programs/stm32cubeide_1.12.0/stm32cubeide/plugins/com.st.stm32cube.ide.mcu.externaltools.gnu-tools-for-stm32.10.3-2021.10.win32_1.0.200.202301161003/tools/bin/../lib/gcc/arm-none-eabi/10.3.1/../../../../arm-none-eabi/lib/thumb/v7-m/nofp\libc_nano.a
LOAD d:/programs/stm32cubeide_1.12.0/stm32cubeide/plugins/com.st.stm32cube.ide.mcu.externaltools.gnu-tools-for-stm32.10.3-2021.10.win32_1.0.200.202301161003/tools/bin/../lib/gcc/arm-none-eabi/10.3.1/../../../../arm-none-eabi/lib/thumb/v7-m/nofp\libnosys.a
END GROUP
START GROUP
LOAD d:/programs/stm32cubeide_1.12.0/stm32cubeide/plugins/com.st.stm32cube.ide.mcu.externaltools.gnu-tools-for-stm32.10.3-2021.10.win32_1.0.200.202301161003/tools/bin/../lib/gcc/arm-none-eabi/10.3.1/thumb/v7-m/nofp\libgcc.a
LOAD d:/programs/stm32cubeide_1.12.0/stm32cubeide/plugins/com.st.stm32cube.ide.mcu.externaltools.gnu-tools-for-stm32.10.3-2021.10.win32_1.0.200.202301161003/tools/bin/../lib/gcc/arm-none-eabi/10.3.1/../../../../arm-none-eabi/lib/thumb/v7-m/nofp\libc_nano.a
LOAD d:/programs/stm32cubeide_1.12.0/stm32cubeide/plugins/com.st.stm32cube.ide.mcu.externaltools.gnu-tools-for-stm32.10.3-2021.10.win32_1.0.200.202301161003/tools/bin/../lib/gcc/arm-none-eabi/10.3.1/../../../../arm-none-eabi/lib/thumb/v7-m/nofp\libnosys.a
END GROUP
LOAD d:/programs/stm32cubeide_1.12.0/stm32cubeide/plugins/com.st.stm32cube.ide.mcu.externaltools.gnu-tools-for-stm32.10.3-2021.10.win32_1.0.200.202301161003/tools/bin/../lib/gcc/arm-none-eabi/10.3.1/thumb/v7-m/nofp/crtend.o
LOAD d:/programs/stm32cubeide_1.12.0/stm32cubeide/plugins/com.st.stm32cube.ide.mcu.externaltools.gnu-tools-for-stm32.10.3-2021.10.win32_1.0.200.202301161003/tools/bin/../lib/gcc/arm-none-eabi/10.3.1/thumb/v7-m/nofp/crtn.o
                0x0000000020002800                _estack = (ORIGIN (RAM) + LENGTH (RAM))
                0x0000000000000200                _Min_Heap_Size = 0x200
                0x0000000000000400                _Min_Stack_Size = 0x400

.isr_vector     0x0000000008000000      0x10c
                0x0000000008000000                . = ALIGN (0x4)
 *(.isr_vector)
 .isr_vector    0x0000000008000000      0x10c ./Core/Startup/startup_stm32f103c6tx.o
                0x0000000008000000                g_pfnVectors
                0x000000000800010c                . = ALIGN (0x4)

.text           0x000000000800010c     0x2ac4
                0x000000000800010c                . = ALIGN (0x4)
 *(.text)
 .text          0x000000000800010c       0x40 d:/programs/stm32cubeide_1.12.0/stm32cubeide/plugins/com.st.stm32cube.ide.mcu.externaltools.gnu-tools-for-stm32.10.3-2021.10.win32_1.0.200.202301161003/tools/bin/../lib/gcc/arm-none-eabi/10.3.1/thumb/v7-m/nofp/crtbegin.o
 *(.text*)
 .text.get_button_state
                0x000000000800014c       0x20 ./Core/Src/input_processing.o
                0x000000000800014c                get_button_state
 .text.init_button_state
                0x000000000800016c       0x30 ./Core/Src/input_processing.o
                0x000000000800016c                init_button_state
 .text.not_auto_increase_btn_fsm
                0x000000000800019c       0x58 ./Core/Src/input_processing.o
                0x000000000800019c                not_auto_increase_btn_fsm
 .text.button_reading
                0x00000000080001f4       0xd0 ./Core/Src/input_reading.o
                0x00000000080001f4                button_reading
 .text.is_button_pressed
                0x00000000080002c4       0x34 ./Core/Src/input_reading.o
                0x00000000080002c4                is_button_pressed
 .text.init_button
                0x00000000080002f8       0x64 ./Core/Src/input_reading.o
                0x00000000080002f8                init_button
 .text.traffic_light_reset
                0x000000000800035c       0xbc ./Core/Src/led_display.o
                0x000000000800035c                traffic_light_reset
 .text.traffic_light_fsm
                0x0000000008000418      0x364 ./Core/Src/led_display.o
                0x0000000008000418                traffic_light_fsm
 .text.blink_led
                0x000000000800077c      0x198 ./Core/Src/led_display.o
                0x000000000800077c                blink_led
 .text.led7_scanning
                0x0000000008000914      0x118 ./Core/Src/led_display.o
                0x0000000008000914                led7_scanning
 .text.blink_led_clear
                0x0000000008000a2c       0x88 ./Core/Src/led_display.o
                0x0000000008000a2c                blink_led_clear
 .text.display7SEG
                0x0000000008000ab4      0x31c ./Core/Src/led_display.o
                0x0000000008000ab4                display7SEG
 .text.main     0x0000000008000dd0      0x148 ./Core/Src/main.o
                0x0000000008000dd0                main
 .text.SystemClock_Config
                0x0000000008000f18       0x76 ./Core/Src/main.o
                0x0000000008000f18                SystemClock_Config
 *fill*         0x0000000008000f8e        0x2 
 .text.MX_TIM2_Init
                0x0000000008000f90       0x98 ./Core/Src/main.o
 .text.MX_GPIO_Init
                0x0000000008001028       0xc4 ./Core/Src/main.o
 .text.init_leds
                0x00000000080010ec       0x7c ./Core/Src/main.o
                0x00000000080010ec                init_leds
 .text.init_timers
                0x0000000008001168       0x14 ./Core/Src/main.o
                0x0000000008001168                init_timers
 .text.Error_Handler
                0x000000000800117c        0xa ./Core/Src/main.o
                0x000000000800117c                Error_Handler
 *fill*         0x0000000008001186        0x2 
 .text.HAL_MspInit
                0x0000000008001188       0x44 ./Core/Src/stm32f1xx_hal_msp.o
                0x0000000008001188                HAL_MspInit
 .text.HAL_TIM_Base_MspInit
                0x00000000080011cc       0x48 ./Core/Src/stm32f1xx_hal_msp.o
                0x00000000080011cc                HAL_TIM_Base_MspInit
 .text.NMI_Handler
                0x0000000008001214        0x6 ./Core/Src/stm32f1xx_it.o
                0x0000000008001214                NMI_Handler
 .text.HardFault_Handler
                0x000000000800121a        0x6 ./Core/Src/stm32f1xx_it.o
                0x000000000800121a                HardFault_Handler
 .text.MemManage_Handler
                0x0000000008001220        0x6 ./Core/Src/stm32f1xx_it.o
                0x0000000008001220                MemManage_Handler
 .text.BusFault_Handler
                0x0000000008001226        0x6 ./Core/Src/stm32f1xx_it.o
                0x0000000008001226                BusFault_Handler
 .text.UsageFault_Handler
                0x000000000800122c        0x6 ./Core/Src/stm32f1xx_it.o
                0x000000000800122c                UsageFault_Handler
 .text.SVC_Handler
                0x0000000008001232        0xc ./Core/Src/stm32f1xx_it.o
                0x0000000008001232                SVC_Handler
 .text.DebugMon_Handler
                0x000000000800123e        0xc ./Core/Src/stm32f1xx_it.o
                0x000000000800123e                DebugMon_Handler
 .text.PendSV_Handler
                0x000000000800124a        0xc ./Core/Src/stm32f1xx_it.o
                0x000000000800124a                PendSV_Handler
 .text.SysTick_Handler
                0x0000000008001256        0xc ./Core/Src/stm32f1xx_it.o
                0x0000000008001256                SysTick_Handler
 *fill*         0x0000000008001262        0x2 
 .text.TIM2_IRQHandler
                0x0000000008001264       0x14 ./Core/Src/stm32f1xx_it.o
                0x0000000008001264                TIM2_IRQHandler
 .text.SystemInit
                0x0000000008001278        0xc ./Core/Src/system_stm32f1xx.o
                0x0000000008001278                SystemInit
 .text.set_timer_blink
                0x0000000008001284       0x38 ./Core/Src/timer.o
                0x0000000008001284                set_timer_blink
 .text.is_timer_blink_flagged
                0x00000000080012bc       0x14 ./Core/Src/timer.o
                0x00000000080012bc                is_timer_blink_flagged
 .text.timer_blink_run
                0x00000000080012d0       0x30 ./Core/Src/timer.o
                0x00000000080012d0                timer_blink_run
 .text.set_timer_btn_reading
                0x0000000008001300       0x38 ./Core/Src/timer.o
                0x0000000008001300                set_timer_btn_reading
 .text.is_timer_btn_reading_flagged
                0x0000000008001338       0x14 ./Core/Src/timer.o
                0x0000000008001338                is_timer_btn_reading_flagged
 .text.timer_btn_reading_run
                0x000000000800134c       0x30 ./Core/Src/timer.o
                0x000000000800134c                timer_btn_reading_run
 .text.set_timer_7seg_scan
                0x000000000800137c       0x38 ./Core/Src/timer.o
                0x000000000800137c                set_timer_7seg_scan
 .text.is_timer_7seg_scan_flagged
                0x00000000080013b4       0x14 ./Core/Src/timer.o
                0x00000000080013b4                is_timer_7seg_scan_flagged
 .text.timer_7seg_scan_run
                0x00000000080013c8       0x30 ./Core/Src/timer.o
                0x00000000080013c8                timer_7seg_scan_run
 .text.set_timer_traffic1
                0x00000000080013f8       0x38 ./Core/Src/timer.o
                0x00000000080013f8                set_timer_traffic1
 .text.is_timer_traffic1_flagged
                0x0000000008001430       0x14 ./Core/Src/timer.o
                0x0000000008001430                is_timer_traffic1_flagged
 .text.timer_traffic1_run
                0x0000000008001444       0x30 ./Core/Src/timer.o
                0x0000000008001444                timer_traffic1_run
 .text.set_timer_traffic2
                0x0000000008001474       0x38 ./Core/Src/timer.o
                0x0000000008001474                set_timer_traffic2
 .text.is_timer_traffic2_flagged
                0x00000000080014ac       0x14 ./Core/Src/timer.o
                0x00000000080014ac                is_timer_traffic2_flagged
 .text.timer_traffic2_run
                0x00000000080014c0       0x30 ./Core/Src/timer.o
                0x00000000080014c0                timer_traffic2_run
 .text.HAL_TIM_PeriodElapsedCallback
                0x00000000080014f0       0x2e ./Core/Src/timer.o
                0x00000000080014f0                HAL_TIM_PeriodElapsedCallback
 *fill*         0x000000000800151e        0x2 
 .text.Reset_Handler
                0x0000000008001520       0x48 ./Core/Startup/startup_stm32f103c6tx.o
                0x0000000008001520                Reset_Handler
 .text.Default_Handler
                0x0000000008001568        0x2 ./Core/Startup/startup_stm32f103c6tx.o
                0x0000000008001568                RTC_Alarm_IRQHandler
                0x0000000008001568                EXTI2_IRQHandler
                0x0000000008001568                TIM1_CC_IRQHandler
                0x0000000008001568                PVD_IRQHandler
                0x0000000008001568                EXTI3_IRQHandler
                0x0000000008001568                EXTI0_IRQHandler
                0x0000000008001568                ADC1_2_IRQHandler
                0x0000000008001568                SPI1_IRQHandler
                0x0000000008001568                TAMPER_IRQHandler
                0x0000000008001568                DMA1_Channel4_IRQHandler
                0x0000000008001568                RTC_IRQHandler
                0x0000000008001568                DMA1_Channel7_IRQHandler
                0x0000000008001568                CAN1_RX1_IRQHandler
                0x0000000008001568                I2C1_EV_IRQHandler
                0x0000000008001568                DMA1_Channel6_IRQHandler
                0x0000000008001568                TIM3_IRQHandler
                0x0000000008001568                RCC_IRQHandler
                0x0000000008001568                TIM1_TRG_COM_IRQHandler
                0x0000000008001568                DMA1_Channel1_IRQHandler
                0x0000000008001568                Default_Handler
                0x0000000008001568                EXTI15_10_IRQHandler
                0x0000000008001568                EXTI9_5_IRQHandler
                0x0000000008001568                DMA1_Channel5_IRQHandler
                0x0000000008001568                EXTI4_IRQHandler
                0x0000000008001568                USB_LP_CAN1_RX0_IRQHandler
                0x0000000008001568                USB_HP_CAN1_TX_IRQHandler
                0x0000000008001568                DMA1_Channel3_IRQHandler
                0x0000000008001568                TIM1_UP_IRQHandler
                0x0000000008001568                WWDG_IRQHandler
                0x0000000008001568                TIM1_BRK_IRQHandler
                0x0000000008001568                EXTI1_IRQHandler
                0x0000000008001568                USART2_IRQHandler
                0x0000000008001568                DMA1_Channel2_IRQHandler
                0x0000000008001568                CAN1_SCE_IRQHandler
                0x0000000008001568                FLASH_IRQHandler
                0x0000000008001568                USART1_IRQHandler
                0x0000000008001568                I2C1_ER_IRQHandler
                0x0000000008001568                USBWakeUp_IRQHandler
 *fill*         0x000000000800156a        0x2 
 .text.HAL_Init
                0x000000000800156c       0x2c ./Drivers/STM32F1xx_HAL_Driver/Src/stm32f1xx_hal.o
                0x000000000800156c                HAL_Init
 .text.HAL_InitTick
                0x0000000008001598       0x60 ./Drivers/STM32F1xx_HAL_Driver/Src/stm32f1xx_hal.o
                0x0000000008001598                HAL_InitTick
 .text.HAL_IncTick
                0x00000000080015f8       0x24 ./Drivers/STM32F1xx_HAL_Driver/Src/stm32f1xx_hal.o
                0x00000000080015f8                HAL_IncTick
 .text.HAL_GetTick
                0x000000000800161c       0x14 ./Drivers/STM32F1xx_HAL_Driver/Src/stm32f1xx_hal.o
                0x000000000800161c                HAL_GetTick
 .text.__NVIC_SetPriorityGrouping
                0x0000000008001630       0x48 ./Drivers/STM32F1xx_HAL_Driver/Src/stm32f1xx_hal_cortex.o
 .text.__NVIC_GetPriorityGrouping
                0x0000000008001678       0x1c ./Drivers/STM32F1xx_HAL_Driver/Src/stm32f1xx_hal_cortex.o
 .text.__NVIC_EnableIRQ
                0x0000000008001694       0x38 ./Drivers/STM32F1xx_HAL_Driver/Src/stm32f1xx_hal_cortex.o
 .text.__NVIC_SetPriority
                0x00000000080016cc       0x54 ./Drivers/STM32F1xx_HAL_Driver/Src/stm32f1xx_hal_cortex.o
 .text.NVIC_EncodePriority
                0x0000000008001720       0x64 ./Drivers/STM32F1xx_HAL_Driver/Src/stm32f1xx_hal_cortex.o
 .text.SysTick_Config
                0x0000000008001784       0x44 ./Drivers/STM32F1xx_HAL_Driver/Src/stm32f1xx_hal_cortex.o
 .text.HAL_NVIC_SetPriorityGrouping
                0x00000000080017c8       0x16 ./Drivers/STM32F1xx_HAL_Driver/Src/stm32f1xx_hal_cortex.o
                0x00000000080017c8                HAL_NVIC_SetPriorityGrouping
 .text.HAL_NVIC_SetPriority
                0x00000000080017de       0x38 ./Drivers/STM32F1xx_HAL_Driver/Src/stm32f1xx_hal_cortex.o
                0x00000000080017de                HAL_NVIC_SetPriority
 .text.HAL_NVIC_EnableIRQ
                0x0000000008001816       0x1c ./Drivers/STM32F1xx_HAL_Driver/Src/stm32f1xx_hal_cortex.o
                0x0000000008001816                HAL_NVIC_EnableIRQ
 .text.HAL_SYSTICK_Config
                0x0000000008001832       0x18 ./Drivers/STM32F1xx_HAL_Driver/Src/stm32f1xx_hal_cortex.o
                0x0000000008001832                HAL_SYSTICK_Config
 *fill*         0x000000000800184a        0x2 
 .text.HAL_GPIO_Init
                0x000000000800184c      0x2f8 ./Drivers/STM32F1xx_HAL_Driver/Src/stm32f1xx_hal_gpio.o
                0x000000000800184c                HAL_GPIO_Init
 .text.HAL_GPIO_ReadPin
                0x0000000008001b44       0x2e ./Drivers/STM32F1xx_HAL_Driver/Src/stm32f1xx_hal_gpio.o
                0x0000000008001b44                HAL_GPIO_ReadPin
 .text.HAL_GPIO_WritePin
                0x0000000008001b72       0x30 ./Drivers/STM32F1xx_HAL_Driver/Src/stm32f1xx_hal_gpio.o
                0x0000000008001b72                HAL_GPIO_WritePin
 .text.HAL_GPIO_TogglePin
                0x0000000008001ba2       0x32 ./Drivers/STM32F1xx_HAL_Driver/Src/stm32f1xx_hal_gpio.o
                0x0000000008001ba2                HAL_GPIO_TogglePin
 .text.HAL_RCC_OscConfig
                0x0000000008001bd4      0x504 ./Drivers/STM32F1xx_HAL_Driver/Src/stm32f1xx_hal_rcc.o
                0x0000000008001bd4                HAL_RCC_OscConfig
 .text.HAL_RCC_ClockConfig
                0x00000000080020d8      0x1d4 ./Drivers/STM32F1xx_HAL_Driver/Src/stm32f1xx_hal_rcc.o
                0x00000000080020d8                HAL_RCC_ClockConfig
 .text.HAL_RCC_GetSysClockFreq
                0x00000000080022ac       0xa8 ./Drivers/STM32F1xx_HAL_Driver/Src/stm32f1xx_hal_rcc.o
                0x00000000080022ac                HAL_RCC_GetSysClockFreq
 .text.RCC_Delay
                0x0000000008002354       0x3c ./Drivers/STM32F1xx_HAL_Driver/Src/stm32f1xx_hal_rcc.o
 .text.HAL_TIM_Base_Init
                0x0000000008002390       0x9e ./Drivers/STM32F1xx_HAL_Driver/Src/stm32f1xx_hal_tim.o
                0x0000000008002390                HAL_TIM_Base_Init
 *fill*         0x000000000800242e        0x2 
 .text.HAL_TIM_Base_Start_IT
                0x0000000008002430       0x98 ./Drivers/STM32F1xx_HAL_Driver/Src/stm32f1xx_hal_tim.o
                0x0000000008002430                HAL_TIM_Base_Start_IT
 .text.HAL_TIM_IRQHandler
                0x00000000080024c8      0x210 ./Drivers/STM32F1xx_HAL_Driver/Src/stm32f1xx_hal_tim.o
                0x00000000080024c8                HAL_TIM_IRQHandler
 .text.HAL_TIM_ConfigClockSource
                0x00000000080026d8      0x18e ./Drivers/STM32F1xx_HAL_Driver/Src/stm32f1xx_hal_tim.o
                0x00000000080026d8                HAL_TIM_ConfigClockSource
 .text.HAL_TIM_OC_DelayElapsedCallback
                0x0000000008002866       0x12 ./Drivers/STM32F1xx_HAL_Driver/Src/stm32f1xx_hal_tim.o
                0x0000000008002866                HAL_TIM_OC_DelayElapsedCallback
 .text.HAL_TIM_IC_CaptureCallback
                0x0000000008002878       0x12 ./Drivers/STM32F1xx_HAL_Driver/Src/stm32f1xx_hal_tim.o
                0x0000000008002878                HAL_TIM_IC_CaptureCallback
 .text.HAL_TIM_PWM_PulseFinishedCallback
                0x000000000800288a       0x12 ./Drivers/STM32F1xx_HAL_Driver/Src/stm32f1xx_hal_tim.o
                0x000000000800288a                HAL_TIM_PWM_PulseFinishedCallback
 .text.HAL_TIM_TriggerCallback
                0x000000000800289c       0x12 ./Drivers/STM32F1xx_HAL_Driver/Src/stm32f1xx_hal_tim.o
                0x000000000800289c                HAL_TIM_TriggerCallback
 *fill*         0x00000000080028ae        0x2 
 .text.TIM_Base_SetConfig
                0x00000000080028b0       0xb0 ./Drivers/STM32F1xx_HAL_Driver/Src/stm32f1xx_hal_tim.o
                0x00000000080028b0                TIM_Base_SetConfig
 .text.TIM_TI1_ConfigInputStage
                0x0000000008002960       0x5c ./Drivers/STM32F1xx_HAL_Driver/Src/stm32f1xx_hal_tim.o
 .text.TIM_TI2_ConfigInputStage
                0x00000000080029bc       0x5e ./Drivers/STM32F1xx_HAL_Driver/Src/stm32f1xx_hal_tim.o
 .text.TIM_ITRx_SetConfig
                0x0000000008002a1a       0x34 ./Drivers/STM32F1xx_HAL_Driver/Src/stm32f1xx_hal_tim.o
 .text.TIM_ETR_SetConfig
                0x0000000008002a4e       0x3e ./Drivers/STM32F1xx_HAL_Driver/Src/stm32f1xx_hal_tim.o
                0x0000000008002a4e                TIM_ETR_SetConfig
 .text.HAL_TIMEx_MasterConfigSynchronization
                0x0000000008002a8c       0xb0 ./Drivers/STM32F1xx_HAL_Driver/Src/stm32f1xx_hal_tim_ex.o
                0x0000000008002a8c                HAL_TIMEx_MasterConfigSynchronization
 .text.HAL_TIMEx_CommutCallback
                0x0000000008002b3c       0x12 ./Drivers/STM32F1xx_HAL_Driver/Src/stm32f1xx_hal_tim_ex.o
                0x0000000008002b3c                HAL_TIMEx_CommutCallback
 .text.HAL_TIMEx_BreakCallback
                0x0000000008002b4e       0x12 ./Drivers/STM32F1xx_HAL_Driver/Src/stm32f1xx_hal_tim_ex.o
                0x0000000008002b4e                HAL_TIMEx_BreakCallback
 .text.__libc_init_array
                0x0000000008002b60       0x48 d:/programs/stm32cubeide_1.12.0/stm32cubeide/plugins/com.st.stm32cube.ide.mcu.externaltools.gnu-tools-for-stm32.10.3-2021.10.win32_1.0.200.202301161003/tools/bin/../lib/gcc/arm-none-eabi/10.3.1/../../../../arm-none-eabi/lib/thumb/v7-m/nofp\libc_nano.a(lib_a-init.o)
                0x0000000008002b60                __libc_init_array
 .text.memset   0x0000000008002ba8       0x10 d:/programs/stm32cubeide_1.12.0/stm32cubeide/plugins/com.st.stm32cube.ide.mcu.externaltools.gnu-tools-for-stm32.10.3-2021.10.win32_1.0.200.202301161003/tools/bin/../lib/gcc/arm-none-eabi/10.3.1/../../../../arm-none-eabi/lib/thumb/v7-m/nofp\libc_nano.a(lib_a-memset.o)
                0x0000000008002ba8                memset
 *(.glue_7)
 .glue_7        0x0000000008002bb8        0x0 linker stubs
 *(.glue_7t)
 .glue_7t       0x0000000008002bb8        0x0 linker stubs
 *(.eh_frame)
 .eh_frame      0x0000000008002bb8        0x0 d:/programs/stm32cubeide_1.12.0/stm32cubeide/plugins/com.st.stm32cube.ide.mcu.externaltools.gnu-tools-for-stm32.10.3-2021.10.win32_1.0.200.202301161003/tools/bin/../lib/gcc/arm-none-eabi/10.3.1/thumb/v7-m/nofp/crtbegin.o
 *(.init)
 .init          0x0000000008002bb8        0x4 d:/programs/stm32cubeide_1.12.0/stm32cubeide/plugins/com.st.stm32cube.ide.mcu.externaltools.gnu-tools-for-stm32.10.3-2021.10.win32_1.0.200.202301161003/tools/bin/../lib/gcc/arm-none-eabi/10.3.1/thumb/v7-m/nofp/crti.o
                0x0000000008002bb8                _init
 .init          0x0000000008002bbc        0x8 d:/programs/stm32cubeide_1.12.0/stm32cubeide/plugins/com.st.stm32cube.ide.mcu.externaltools.gnu-tools-for-stm32.10.3-2021.10.win32_1.0.200.202301161003/tools/bin/../lib/gcc/arm-none-eabi/10.3.1/thumb/v7-m/nofp/crtn.o
 *(.fini)
 .fini          0x0000000008002bc4        0x4 d:/programs/stm32cubeide_1.12.0/stm32cubeide/plugins/com.st.stm32cube.ide.mcu.externaltools.gnu-tools-for-stm32.10.3-2021.10.win32_1.0.200.202301161003/tools/bin/../lib/gcc/arm-none-eabi/10.3.1/thumb/v7-m/nofp/crti.o
                0x0000000008002bc4                _fini
 .fini          0x0000000008002bc8        0x8 d:/programs/stm32cubeide_1.12.0/stm32cubeide/plugins/com.st.stm32cube.ide.mcu.externaltools.gnu-tools-for-stm32.10.3-2021.10.win32_1.0.200.202301161003/tools/bin/../lib/gcc/arm-none-eabi/10.3.1/thumb/v7-m/nofp/crtn.o
                0x0000000008002bd0                . = ALIGN (0x4)
                0x0000000008002bd0                _etext = .

.vfp11_veneer   0x0000000008002bd0        0x0
 .vfp11_veneer  0x0000000008002bd0        0x0 linker stubs

.v4_bx          0x0000000008002bd0        0x0
 .v4_bx         0x0000000008002bd0        0x0 linker stubs

.iplt           0x0000000008002bd0        0x0
 .iplt          0x0000000008002bd0        0x0 d:/programs/stm32cubeide_1.12.0/stm32cubeide/plugins/com.st.stm32cube.ide.mcu.externaltools.gnu-tools-for-stm32.10.3-2021.10.win32_1.0.200.202301161003/tools/bin/../lib/gcc/arm-none-eabi/10.3.1/thumb/v7-m/nofp/crtbegin.o

.rodata         0x0000000008002bd0       0x24
                0x0000000008002bd0                . = ALIGN (0x4)
 *(.rodata)
 *(.rodata*)
 .rodata.AHBPrescTable
                0x0000000008002bd0       0x10 ./Core/Src/system_stm32f1xx.o
                0x0000000008002bd0                AHBPrescTable
 .rodata.aPLLMULFactorTable.1
                0x0000000008002be0       0x10 ./Drivers/STM32F1xx_HAL_Driver/Src/stm32f1xx_hal_rcc.o
 .rodata.aPredivFactorTable.0
                0x0000000008002bf0        0x2 ./Drivers/STM32F1xx_HAL_Driver/Src/stm32f1xx_hal_rcc.o
                0x0000000008002bf4                . = ALIGN (0x4)
 *fill*         0x0000000008002bf2        0x2 

.rel.dyn        0x0000000008002bf4        0x0
 .rel.iplt      0x0000000008002bf4        0x0 d:/programs/stm32cubeide_1.12.0/stm32cubeide/plugins/com.st.stm32cube.ide.mcu.externaltools.gnu-tools-for-stm32.10.3-2021.10.win32_1.0.200.202301161003/tools/bin/../lib/gcc/arm-none-eabi/10.3.1/thumb/v7-m/nofp/crtbegin.o

.ARM.extab      0x0000000008002bf4        0x0
                0x0000000008002bf4                . = ALIGN (0x4)
 *(.ARM.extab* .gnu.linkonce.armextab.*)
                0x0000000008002bf4                . = ALIGN (0x4)

.ARM            0x0000000008002bf4        0x0
                0x0000000008002bf4                . = ALIGN (0x4)
                0x0000000008002bf4                __exidx_start = .
 *(.ARM.exidx*)
                0x0000000008002bf4                __exidx_end = .
                0x0000000008002bf4                . = ALIGN (0x4)

.preinit_array  0x0000000008002bf4        0x0
                0x0000000008002bf4                . = ALIGN (0x4)
                0x0000000008002bf4                PROVIDE (__preinit_array_start = .)
 *(.preinit_array*)
                0x0000000008002bf4                PROVIDE (__preinit_array_end = .)
                0x0000000008002bf4                . = ALIGN (0x4)

.init_array     0x0000000008002bf4        0x4
                0x0000000008002bf4                . = ALIGN (0x4)
                0x0000000008002bf4                PROVIDE (__init_array_start = .)
 *(SORT_BY_NAME(.init_array.*))
 *(.init_array*)
 .init_array    0x0000000008002bf4        0x4 d:/programs/stm32cubeide_1.12.0/stm32cubeide/plugins/com.st.stm32cube.ide.mcu.externaltools.gnu-tools-for-stm32.10.3-2021.10.win32_1.0.200.202301161003/tools/bin/../lib/gcc/arm-none-eabi/10.3.1/thumb/v7-m/nofp/crtbegin.o
                0x0000000008002bf8                PROVIDE (__init_array_end = .)
                0x0000000008002bf8                . = ALIGN (0x4)

.fini_array     0x0000000008002bf8        0x4
                0x0000000008002bf8                . = ALIGN (0x4)
                [!provide]                        PROVIDE (__fini_array_start = .)
 *(SORT_BY_NAME(.fini_array.*))
 *(.fini_array*)
 .fini_array    0x0000000008002bf8        0x4 d:/programs/stm32cubeide_1.12.0/stm32cubeide/plugins/com.st.stm32cube.ide.mcu.externaltools.gnu-tools-for-stm32.10.3-2021.10.win32_1.0.200.202301161003/tools/bin/../lib/gcc/arm-none-eabi/10.3.1/thumb/v7-m/nofp/crtbegin.o
                [!provide]                        PROVIDE (__fini_array_end = .)
                0x0000000008002bfc                . = ALIGN (0x4)
                0x0000000008002bfc                _sidata = LOADADDR (.data)

.data           0x0000000020000000       0x40 load address 0x0000000008002bfc
                0x0000000020000000                . = ALIGN (0x4)
                0x0000000020000000                _sdata = .
 *(.data)
 *(.data*)
 .data.buttonPort
                0x0000000020000000        0x4 ./Core/Src/input_reading.o
 .data.buttonPin
                0x0000000020000004        0x2 ./Core/Src/input_reading.o
 .data.red_duration
                0x0000000020000006        0x1 ./Core/Src/led_display.o
                0x0000000020000006                red_duration
 .data.green_duration
                0x0000000020000007        0x1 ./Core/Src/led_display.o
                0x0000000020000007                green_duration
 .data.yellow_duration
                0x0000000020000008        0x1 ./Core/Src/led_display.o
                0x0000000020000008                yellow_duration
 *fill*         0x0000000020000009        0x3 
 .data.roadState
                0x000000002000000c        0x2 ./Core/Src/led_display.o
                0x000000002000000c                roadState
 *fill*         0x000000002000000e        0x2 
 .data.redPort  0x0000000020000010        0x8 ./Core/Src/led_display.o
                0x0000000020000010                redPort
 .data.greenPort
                0x0000000020000018        0x8 ./Core/Src/led_display.o
                0x0000000020000018                greenPort
 .data.yellowPort
                0x0000000020000020        0x8 ./Core/Src/led_display.o
                0x0000000020000020                yellowPort
 .data.redPin   0x0000000020000028        0x4 ./Core/Src/led_display.o
                0x0000000020000028                redPin
 .data.greenPin
                0x000000002000002c        0x4 ./Core/Src/led_display.o
                0x000000002000002c                greenPin
 .data.yellowPin
                0x0000000020000030        0x4 ./Core/Src/led_display.o
                0x0000000020000030                yellowPin
 .data.SystemCoreClock
                0x0000000020000034        0x4 ./Core/Src/system_stm32f1xx.o
                0x0000000020000034                SystemCoreClock
 .data.uwTickPrio
                0x0000000020000038        0x4 ./Drivers/STM32F1xx_HAL_Driver/Src/stm32f1xx_hal.o
                0x0000000020000038                uwTickPrio
 .data.uwTickFreq
                0x000000002000003c        0x1 ./Drivers/STM32F1xx_HAL_Driver/Src/stm32f1xx_hal.o
                0x000000002000003c                uwTickFreq
 *(.RamFunc)
 *(.RamFunc*)
                0x0000000020000040                . = ALIGN (0x4)
 *fill*         0x000000002000003d        0x3 
                0x0000000020000040                _edata = .

.igot.plt       0x0000000020000040        0x0 load address 0x0000000008002c3c
 .igot.plt      0x0000000020000040        0x0 d:/programs/stm32cubeide_1.12.0/stm32cubeide/plugins/com.st.stm32cube.ide.mcu.externaltools.gnu-tools-for-stm32.10.3-2021.10.win32_1.0.200.202301161003/tools/bin/../lib/gcc/arm-none-eabi/10.3.1/thumb/v7-m/nofp/crtbegin.o
                0x0000000020000040                . = ALIGN (0x4)

.bss            0x0000000020000040       0xa0 load address 0x0000000008002c3c
                0x0000000020000040                _sbss = .
                0x0000000020000040                __bss_start__ = _sbss
 *(.bss)
 .bss           0x0000000020000040       0x1c d:/programs/stm32cubeide_1.12.0/stm32cubeide/plugins/com.st.stm32cube.ide.mcu.externaltools.gnu-tools-for-stm32.10.3-2021.10.win32_1.0.200.202301161003/tools/bin/../lib/gcc/arm-none-eabi/10.3.1/thumb/v7-m/nofp/crtbegin.o
 *(.bss*)
 .bss.buttonState
                0x000000002000005c        0x1 ./Core/Src/input_processing.o
                0x000000002000005c                buttonState
 *fill*         0x000000002000005d        0x3 
 .bss.buttonBuffer
                0x0000000020000060        0x1 ./Core/Src/input_reading.o
 *fill*         0x0000000020000061        0x3 
 .bss.debounceButtonBuffer1
                0x0000000020000064        0x1 ./Core/Src/input_reading.o
 *fill*         0x0000000020000065        0x3 
 .bss.debounceButtonBuffer2
                0x0000000020000068        0x1 ./Core/Src/input_reading.o
 *fill*         0x0000000020000069        0x3 
 .bss.flagForButtonPress1s
                0x000000002000006c        0x1 ./Core/Src/input_reading.o
 *fill*         0x000000002000006d        0x3 
 .bss.counterForButtonPress1s
                0x0000000020000070        0x2 ./Core/Src/input_reading.o
 *fill*         0x0000000020000072        0x2 
 .bss.roadCounter
                0x0000000020000074        0x2 ./Core/Src/led_display.o
                0x0000000020000074                roadCounter
 *fill*         0x0000000020000076        0x2 
 .bss.led_7seg_values
                0x0000000020000078        0x4 ./Core/Src/led_display.o
                0x0000000020000078                led_7seg_values
 .bss.led7_status
                0x000000002000007c        0x1 ./Core/Src/led_display.o
                0x000000002000007c                led7_status
 *fill*         0x000000002000007d        0x3 
 .bss.htim2     0x0000000020000080       0x48 ./Core/Src/main.o
                0x0000000020000080                htim2
 .bss.timerBtnReadingCounter
                0x00000000200000c8        0x2 ./Core/Src/timer.o
                0x00000000200000c8                timerBtnReadingCounter
 .bss.timerBtnReadingFlag
                0x00000000200000ca        0x1 ./Core/Src/timer.o
                0x00000000200000ca                timerBtnReadingFlag
 *fill*         0x00000000200000cb        0x1 
 .bss.timerBlinkCounter
                0x00000000200000cc        0x2 ./Core/Src/timer.o
                0x00000000200000cc                timerBlinkCounter
 .bss.timerBlinkFlag
                0x00000000200000ce        0x1 ./Core/Src/timer.o
                0x00000000200000ce                timerBlinkFlag
 *fill*         0x00000000200000cf        0x1 
 .bss.timer7SegScanCounter
                0x00000000200000d0        0x2 ./Core/Src/timer.o
                0x00000000200000d0                timer7SegScanCounter
 .bss.timer7SegScanFlag
                0x00000000200000d2        0x1 ./Core/Src/timer.o
                0x00000000200000d2                timer7SegScanFlag
 *fill*         0x00000000200000d3        0x1 
 .bss.timerTraffic1Counter
                0x00000000200000d4        0x2 ./Core/Src/timer.o
                0x00000000200000d4                timerTraffic1Counter
 .bss.timerTraffic1Flag
                0x00000000200000d6        0x1 ./Core/Src/timer.o
                0x00000000200000d6                timerTraffic1Flag
 *fill*         0x00000000200000d7        0x1 
 .bss.timerTraffic2Counter
                0x00000000200000d8        0x2 ./Core/Src/timer.o
                0x00000000200000d8                timerTraffic2Counter
 .bss.timerTraffic2Flag
                0x00000000200000da        0x1 ./Core/Src/timer.o
                0x00000000200000da                timerTraffic2Flag
 *fill*         0x00000000200000db        0x1 
 .bss.uwTick    0x00000000200000dc        0x4 ./Drivers/STM32F1xx_HAL_Driver/Src/stm32f1xx_hal.o
                0x00000000200000dc                uwTick
 *(COMMON)
                0x00000000200000e0                . = ALIGN (0x4)
                0x00000000200000e0                _ebss = .
                0x00000000200000e0                __bss_end__ = _ebss

._user_heap_stack
                0x00000000200000e0      0x600 load address 0x0000000008002c3c
                0x00000000200000e0                . = ALIGN (0x8)
                [!provide]                        PROVIDE (end = .)
                0x00000000200000e0                PROVIDE (_end = .)
                0x00000000200002e0                . = (. + _Min_Heap_Size)
 *fill*         0x00000000200000e0      0x200 
                0x00000000200006e0                . = (. + _Min_Stack_Size)
 *fill*         0x00000000200002e0      0x400 
                0x00000000200006e0                . = ALIGN (0x8)

/DISCARD/
 libc.a(*)
 libm.a(*)
 libgcc.a(*)

.ARM.attributes
                0x0000000000000000       0x29
 *(.ARM.attributes)
 .ARM.attributes
                0x0000000000000000       0x1d d:/programs/stm32cubeide_1.12.0/stm32cubeide/plugins/com.st.stm32cube.ide.mcu.externaltools.gnu-tools-for-stm32.10.3-2021.10.win32_1.0.200.202301161003/tools/bin/../lib/gcc/arm-none-eabi/10.3.1/thumb/v7-m/nofp/crti.o
 .ARM.attributes
                0x000000000000001d       0x2d d:/programs/stm32cubeide_1.12.0/stm32cubeide/plugins/com.st.stm32cube.ide.mcu.externaltools.gnu-tools-for-stm32.10.3-2021.10.win32_1.0.200.202301161003/tools/bin/../lib/gcc/arm-none-eabi/10.3.1/thumb/v7-m/nofp/crtbegin.o
 .ARM.attributes
                0x000000000000004a       0x2d ./Core/Src/input_processing.o
 .ARM.attributes
                0x0000000000000077       0x2d ./Core/Src/input_reading.o
 .ARM.attributes
                0x00000000000000a4       0x2d ./Core/Src/led_display.o
 .ARM.attributes
                0x00000000000000d1       0x2d ./Core/Src/main.o
 .ARM.attributes
                0x00000000000000fe       0x2d ./Core/Src/stm32f1xx_hal_msp.o
 .ARM.attributes
                0x000000000000012b       0x2d ./Core/Src/stm32f1xx_it.o
 .ARM.attributes
                0x0000000000000158       0x2d ./Core/Src/system_stm32f1xx.o
 .ARM.attributes
                0x0000000000000185       0x2d ./Core/Src/timer.o
 .ARM.attributes
                0x00000000000001b2       0x21 ./Core/Startup/startup_stm32f103c6tx.o
 .ARM.attributes
                0x00000000000001d3       0x2d ./Drivers/STM32F1xx_HAL_Driver/Src/stm32f1xx_hal.o
 .ARM.attributes
                0x0000000000000200       0x2d ./Drivers/STM32F1xx_HAL_Driver/Src/stm32f1xx_hal_cortex.o
 .ARM.attributes
                0x000000000000022d       0x2d ./Drivers/STM32F1xx_HAL_Driver/Src/stm32f1xx_hal_gpio.o
 .ARM.attributes
                0x000000000000025a       0x2d ./Drivers/STM32F1xx_HAL_Driver/Src/stm32f1xx_hal_rcc.o
 .ARM.attributes
                0x0000000000000287       0x2d ./Drivers/STM32F1xx_HAL_Driver/Src/stm32f1xx_hal_tim.o
 .ARM.attributes
                0x00000000000002b4       0x2d ./Drivers/STM32F1xx_HAL_Driver/Src/stm32f1xx_hal_tim_ex.o
 .ARM.attributes
                0x00000000000002e1       0x2d d:/programs/stm32cubeide_1.12.0/stm32cubeide/plugins/com.st.stm32cube.ide.mcu.externaltools.gnu-tools-for-stm32.10.3-2021.10.win32_1.0.200.202301161003/tools/bin/../lib/gcc/arm-none-eabi/10.3.1/../../../../arm-none-eabi/lib/thumb/v7-m/nofp\libc_nano.a(lib_a-init.o)
 .ARM.attributes
                0x000000000000030e       0x2d d:/programs/stm32cubeide_1.12.0/stm32cubeide/plugins/com.st.stm32cube.ide.mcu.externaltools.gnu-tools-for-stm32.10.3-2021.10.win32_1.0.200.202301161003/tools/bin/../lib/gcc/arm-none-eabi/10.3.1/../../../../arm-none-eabi/lib/thumb/v7-m/nofp\libc_nano.a(lib_a-memset.o)
 .ARM.attributes
                0x000000000000033b       0x1d d:/programs/stm32cubeide_1.12.0/stm32cubeide/plugins/com.st.stm32cube.ide.mcu.externaltools.gnu-tools-for-stm32.10.3-2021.10.win32_1.0.200.202301161003/tools/bin/../lib/gcc/arm-none-eabi/10.3.1/thumb/v7-m/nofp/crtn.o
OUTPUT(Lab3_Exercise.elf elf32-littlearm)
LOAD linker stubs
LOAD d:/programs/stm32cubeide_1.12.0/stm32cubeide/plugins/com.st.stm32cube.ide.mcu.externaltools.gnu-tools-for-stm32.10.3-2021.10.win32_1.0.200.202301161003/tools/bin/../lib/gcc/arm-none-eabi/10.3.1/../../../../arm-none-eabi/lib/thumb/v7-m/nofp\libc.a
LOAD d:/programs/stm32cubeide_1.12.0/stm32cubeide/plugins/com.st.stm32cube.ide.mcu.externaltools.gnu-tools-for-stm32.10.3-2021.10.win32_1.0.200.202301161003/tools/bin/../lib/gcc/arm-none-eabi/10.3.1/../../../../arm-none-eabi/lib/thumb/v7-m/nofp\libm.a
LOAD d:/programs/stm32cubeide_1.12.0/stm32cubeide/plugins/com.st.stm32cube.ide.mcu.externaltools.gnu-tools-for-stm32.10.3-2021.10.win32_1.0.200.202301161003/tools/bin/../lib/gcc/arm-none-eabi/10.3.1/thumb/v7-m/nofp\libgcc.a

.debug_info     0x0000000000000000     0x92b4
 .debug_info    0x0000000000000000      0x166 ./Core/Src/input_processing.o
 .debug_info    0x0000000000000166      0x2f0 ./Core/Src/input_reading.o
 .debug_info    0x0000000000000456      0x409 ./Core/Src/led_display.o
 .debug_info    0x000000000000085f      0xd88 ./Core/Src/main.o
 .debug_info    0x00000000000015e7      0x8dc ./Core/Src/stm32f1xx_hal_msp.o
 .debug_info    0x0000000000001ec3      0x6ef ./Core/Src/stm32f1xx_it.o
 .debug_info    0x00000000000025b2      0x23d ./Core/Src/system_stm32f1xx.o
 .debug_info    0x00000000000027ef      0x89f ./Core/Src/timer.o
 .debug_info    0x000000000000308e       0x22 ./Core/Startup/startup_stm32f103c6tx.o
 .debug_info    0x00000000000030b0      0x716 ./Drivers/STM32F1xx_HAL_Driver/Src/stm32f1xx_hal.o
 .debug_info    0x00000000000037c6      0xb02 ./Drivers/STM32F1xx_HAL_Driver/Src/stm32f1xx_hal_cortex.o
 .debug_info    0x00000000000042c8      0x615 ./Drivers/STM32F1xx_HAL_Driver/Src/stm32f1xx_hal_gpio.o
 .debug_info    0x00000000000048dd      0x865 ./Drivers/STM32F1xx_HAL_Driver/Src/stm32f1xx_hal_rcc.o
 .debug_info    0x0000000000005142     0x2bab ./Drivers/STM32F1xx_HAL_Driver/Src/stm32f1xx_hal_tim.o
 .debug_info    0x0000000000007ced     0x15c7 ./Drivers/STM32F1xx_HAL_Driver/Src/stm32f1xx_hal_tim_ex.o

.debug_abbrev   0x0000000000000000     0x1b68
 .debug_abbrev  0x0000000000000000      0x11a ./Core/Src/input_processing.o
 .debug_abbrev  0x000000000000011a      0x168 ./Core/Src/input_reading.o
 .debug_abbrev  0x0000000000000282      0x17b ./Core/Src/led_display.o
 .debug_abbrev  0x00000000000003fd      0x321 ./Core/Src/main.o
 .debug_abbrev  0x000000000000071e      0x19f ./Core/Src/stm32f1xx_hal_msp.o
 .debug_abbrev  0x00000000000008bd      0x184 ./Core/Src/stm32f1xx_it.o
 .debug_abbrev  0x0000000000000a41      0x13b ./Core/Src/system_stm32f1xx.o
 .debug_abbrev  0x0000000000000b7c      0x1bf ./Core/Src/timer.o
 .debug_abbrev  0x0000000000000d3b       0x12 ./Core/Startup/startup_stm32f103c6tx.o
 .debug_abbrev  0x0000000000000d4d      0x1fb ./Drivers/STM32F1xx_HAL_Driver/Src/stm32f1xx_hal.o
 .debug_abbrev  0x0000000000000f48      0x2ed ./Drivers/STM32F1xx_HAL_Driver/Src/stm32f1xx_hal_cortex.o
 .debug_abbrev  0x0000000000001235      0x1bb ./Drivers/STM32F1xx_HAL_Driver/Src/stm32f1xx_hal_gpio.o
 .debug_abbrev  0x00000000000013f0      0x2a8 ./Drivers/STM32F1xx_HAL_Driver/Src/stm32f1xx_hal_rcc.o
 .debug_abbrev  0x0000000000001698      0x264 ./Drivers/STM32F1xx_HAL_Driver/Src/stm32f1xx_hal_tim.o
 .debug_abbrev  0x00000000000018fc      0x26c ./Drivers/STM32F1xx_HAL_Driver/Src/stm32f1xx_hal_tim_ex.o

.debug_aranges  0x0000000000000000      0xa88
 .debug_aranges
                0x0000000000000000       0x30 ./Core/Src/input_processing.o
 .debug_aranges
                0x0000000000000030       0x38 ./Core/Src/input_reading.o
 .debug_aranges
                0x0000000000000068       0x48 ./Core/Src/led_display.o
 .debug_aranges
                0x00000000000000b0       0x58 ./Core/Src/main.o
 .debug_aranges
                0x0000000000000108       0x30 ./Core/Src/stm32f1xx_hal_msp.o
 .debug_aranges
                0x0000000000000138       0x68 ./Core/Src/stm32f1xx_it.o
 .debug_aranges
                0x00000000000001a0       0x28 ./Core/Src/system_stm32f1xx.o
 .debug_aranges
                0x00000000000001c8       0x98 ./Core/Src/timer.o
 .debug_aranges
                0x0000000000000260       0x28 ./Core/Startup/startup_stm32f103c6tx.o
 .debug_aranges
                0x0000000000000288       0xe0 ./Drivers/STM32F1xx_HAL_Driver/Src/stm32f1xx_hal.o
 .debug_aranges
                0x0000000000000368      0x100 ./Drivers/STM32F1xx_HAL_Driver/Src/stm32f1xx_hal_cortex.o
 .debug_aranges
                0x0000000000000468       0x58 ./Drivers/STM32F1xx_HAL_Driver/Src/stm32f1xx_hal_gpio.o
 .debug_aranges
                0x00000000000004c0       0x90 ./Drivers/STM32F1xx_HAL_Driver/Src/stm32f1xx_hal_rcc.o
 .debug_aranges
                0x0000000000000550      0x3d0 ./Drivers/STM32F1xx_HAL_Driver/Src/stm32f1xx_hal_tim.o
 .debug_aranges
                0x0000000000000920      0x168 ./Drivers/STM32F1xx_HAL_Driver/Src/stm32f1xx_hal_tim_ex.o

.debug_ranges   0x0000000000000000      0x9a0
 .debug_ranges  0x0000000000000000       0x20 ./Core/Src/input_processing.o
 .debug_ranges  0x0000000000000020       0x28 ./Core/Src/input_reading.o
 .debug_ranges  0x0000000000000048       0x38 ./Core/Src/led_display.o
 .debug_ranges  0x0000000000000080       0x48 ./Core/Src/main.o
 .debug_ranges  0x00000000000000c8       0x20 ./Core/Src/stm32f1xx_hal_msp.o
 .debug_ranges  0x00000000000000e8       0x58 ./Core/Src/stm32f1xx_it.o
 .debug_ranges  0x0000000000000140       0x18 ./Core/Src/system_stm32f1xx.o
 .debug_ranges  0x0000000000000158       0x88 ./Core/Src/timer.o
 .debug_ranges  0x00000000000001e0       0x20 ./Core/Startup/startup_stm32f103c6tx.o
 .debug_ranges  0x0000000000000200       0xd0 ./Drivers/STM32F1xx_HAL_Driver/Src/stm32f1xx_hal.o
 .debug_ranges  0x00000000000002d0       0xf0 ./Drivers/STM32F1xx_HAL_Driver/Src/stm32f1xx_hal_cortex.o
 .debug_ranges  0x00000000000003c0       0x48 ./Drivers/STM32F1xx_HAL_Driver/Src/stm32f1xx_hal_gpio.o
 .debug_ranges  0x0000000000000408       0x80 ./Drivers/STM32F1xx_HAL_Driver/Src/stm32f1xx_hal_rcc.o
 .debug_ranges  0x0000000000000488      0x3c0 ./Drivers/STM32F1xx_HAL_Driver/Src/stm32f1xx_hal_tim.o
 .debug_ranges  0x0000000000000848      0x158 ./Drivers/STM32F1xx_HAL_Driver/Src/stm32f1xx_hal_tim_ex.o

.debug_macro    0x0000000000000000    0x16b0a
 .debug_macro   0x0000000000000000      0x1d9 ./Core/Src/input_processing.o
 .debug_macro   0x00000000000001d9      0xa6c ./Core/Src/input_processing.o
 .debug_macro   0x0000000000000c45      0x215 ./Core/Src/input_processing.o
 .debug_macro   0x0000000000000e5a       0x2e ./Core/Src/input_processing.o
 .debug_macro   0x0000000000000e88       0x22 ./Core/Src/input_processing.o
 .debug_macro   0x0000000000000eaa       0x22 ./Core/Src/input_processing.o
 .debug_macro   0x0000000000000ecc       0x8e ./Core/Src/input_processing.o
 .debug_macro   0x0000000000000f5a       0x51 ./Core/Src/input_processing.o
 .debug_macro   0x0000000000000fab      0x103 ./Core/Src/input_processing.o
 .debug_macro   0x00000000000010ae       0x6a ./Core/Src/input_processing.o
 .debug_macro   0x0000000000001118      0x1df ./Core/Src/input_processing.o
 .debug_macro   0x00000000000012f7       0x1c ./Core/Src/input_processing.o
 .debug_macro   0x0000000000001313       0x22 ./Core/Src/input_processing.o
 .debug_macro   0x0000000000001335       0xbd ./Core/Src/input_processing.o
 .debug_macro   0x00000000000013f2      0xd23 ./Core/Src/input_processing.o
 .debug_macro   0x0000000000002115     0xde75 ./Core/Src/input_processing.o
 .debug_macro   0x000000000000ff8a       0x6d ./Core/Src/input_processing.o
 .debug_macro   0x000000000000fff7     0x348d ./Core/Src/input_processing.o
 .debug_macro   0x0000000000013484      0x174 ./Core/Src/input_processing.o
 .debug_macro   0x00000000000135f8       0x5c ./Core/Src/input_processing.o
 .debug_macro   0x0000000000013654      0x5bc ./Core/Src/input_processing.o
 .debug_macro   0x0000000000013c10      0x1b7 ./Core/Src/input_processing.o
 .debug_macro   0x0000000000013dc7      0x1cb ./Core/Src/input_processing.o
 .debug_macro   0x0000000000013f92      0x114 ./Core/Src/input_processing.o
 .debug_macro   0x00000000000140a6      0x1b2 ./Core/Src/input_processing.o
 .debug_macro   0x0000000000014258       0x27 ./Core/Src/input_processing.o
 .debug_macro   0x000000000001427f      0x12f ./Core/Src/input_processing.o
 .debug_macro   0x00000000000143ae      0x1bc ./Core/Src/input_processing.o
 .debug_macro   0x000000000001456a       0x34 ./Core/Src/input_processing.o
 .debug_macro   0x000000000001459e       0x3c ./Core/Src/input_processing.o
 .debug_macro   0x00000000000145da       0x57 ./Core/Src/input_processing.o
 .debug_macro   0x0000000000014631       0x87 ./Core/Src/input_processing.o
 .debug_macro   0x00000000000146b8      0x183 ./Core/Src/input_processing.o
 .debug_macro   0x000000000001483b      0x140 ./Core/Src/input_processing.o
 .debug_macro   0x000000000001497b      0x8ed ./Core/Src/input_processing.o
 .debug_macro   0x0000000000015268       0x69 ./Core/Src/input_processing.o
 .debug_macro   0x00000000000152d1       0x1c ./Core/Src/input_processing.o
 .debug_macro   0x00000000000152ed       0x16 ./Core/Src/input_processing.o
 .debug_macro   0x0000000000015303       0xf4 ./Core/Src/input_processing.o
 .debug_macro   0x00000000000153f7       0x22 ./Core/Src/input_processing.o
 .debug_macro   0x0000000000015419      0x1d3 ./Core/Src/input_reading.o
 .debug_macro   0x00000000000155ec       0x22 ./Core/Src/input_reading.o
 .debug_macro   0x000000000001560e      0x1d9 ./Core/Src/led_display.o
 .debug_macro   0x00000000000157e7      0x1cf ./Core/Src/main.o
 .debug_macro   0x00000000000159b6      0x1cf ./Core/Src/stm32f1xx_hal_msp.o
 .debug_macro   0x0000000000015b85      0x1d9 ./Core/Src/stm32f1xx_it.o
 .debug_macro   0x0000000000015d5e      0x197 ./Core/Src/system_stm32f1xx.o
 .debug_macro   0x0000000000015ef5      0x1d9 ./Core/Src/timer.o
 .debug_macro   0x00000000000160ce       0x10 ./Core/Src/timer.o
 .debug_macro   0x00000000000160de      0x1bb ./Drivers/STM32F1xx_HAL_Driver/Src/stm32f1xx_hal.o
 .debug_macro   0x0000000000016299      0x197 ./Drivers/STM32F1xx_HAL_Driver/Src/stm32f1xx_hal_cortex.o
 .debug_macro   0x0000000000016430      0x202 ./Drivers/STM32F1xx_HAL_Driver/Src/stm32f1xx_hal_gpio.o
 .debug_macro   0x0000000000016632      0x1a9 ./Drivers/STM32F1xx_HAL_Driver/Src/stm32f1xx_hal_rcc.o
 .debug_macro   0x00000000000167db      0x198 ./Drivers/STM32F1xx_HAL_Driver/Src/stm32f1xx_hal_tim.o
 .debug_macro   0x0000000000016973      0x197 ./Drivers/STM32F1xx_HAL_Driver/Src/stm32f1xx_hal_tim_ex.o

.debug_line     0x0000000000000000     0xb62a
 .debug_line    0x0000000000000000      0x735 ./Core/Src/input_processing.o
 .debug_line    0x0000000000000735      0x7e1 ./Core/Src/input_reading.o
 .debug_line    0x0000000000000f16      0x951 ./Core/Src/led_display.o
 .debug_line    0x0000000000001867      0x89b ./Core/Src/main.o
 .debug_line    0x0000000000002102      0x6f9 ./Core/Src/stm32f1xx_hal_msp.o
 .debug_line    0x00000000000027fb      0x799 ./Core/Src/stm32f1xx_it.o
 .debug_line    0x0000000000002f94      0x6f8 ./Core/Src/system_stm32f1xx.o
 .debug_line    0x000000000000368c      0x85a ./Core/Src/timer.o
 .debug_line    0x0000000000003ee6       0x86 ./Core/Startup/startup_stm32f103c6tx.o
 .debug_line    0x0000000000003f6c      0x925 ./Drivers/STM32F1xx_HAL_Driver/Src/stm32f1xx_hal.o
 .debug_line    0x0000000000004891      0xb0d ./Drivers/STM32F1xx_HAL_Driver/Src/stm32f1xx_hal_cortex.o
 .debug_line    0x000000000000539e      0x9a9 ./Drivers/STM32F1xx_HAL_Driver/Src/stm32f1xx_hal_gpio.o
 .debug_line    0x0000000000005d47      0xd31 ./Drivers/STM32F1xx_HAL_Driver/Src/stm32f1xx_hal_rcc.o
 .debug_line    0x0000000000006a78     0x3367 ./Drivers/STM32F1xx_HAL_Driver/Src/stm32f1xx_hal_tim.o
 .debug_line    0x0000000000009ddf     0x184b ./Drivers/STM32F1xx_HAL_Driver/Src/stm32f1xx_hal_tim_ex.o

.debug_str      0x0000000000000000    0x826da
 .debug_str     0x0000000000000000    0x7f7c6 ./Core/Src/input_processing.o
                                      0x7fae3 (size before relaxing)
 .debug_str     0x000000000007f7c6      0x113 ./Core/Src/input_reading.o
                                      0x7fb6f (size before relaxing)
 .debug_str     0x000000000007f8d9      0x206 ./Core/Src/led_display.o
                                      0x7fc92 (size before relaxing)
 .debug_str     0x000000000007fadf      0x883 ./Core/Src/main.o
                                      0x804ea (size before relaxing)
 .debug_str     0x0000000000080362      0x2d2 ./Core/Src/stm32f1xx_hal_msp.o
                                      0x80255 (size before relaxing)
 .debug_str     0x0000000000080634       0xec ./Core/Src/stm32f1xx_it.o
                                      0x7ffbe (size before relaxing)
 .debug_str     0x0000000000080720       0x7e ./Core/Src/system_stm32f1xx.o
                                      0x7f56c (size before relaxing)
 .debug_str     0x000000000008079e      0x158 ./Core/Src/timer.o
                                      0x80136 (size before relaxing)
 .debug_str     0x00000000000808f6       0x36 ./Core/Startup/startup_stm32f103c6tx.o
                                         0x76 (size before relaxing)
 .debug_str     0x000000000008092c      0x38e ./Drivers/STM32F1xx_HAL_Driver/Src/stm32f1xx_hal.o
                                      0x7fc65 (size before relaxing)
 .debug_str     0x0000000000080cba      0x29e ./Drivers/STM32F1xx_HAL_Driver/Src/stm32f1xx_hal_cortex.o
                                      0x7fbb1 (size before relaxing)
 .debug_str     0x0000000000080f58      0x2f6 ./Drivers/STM32F1xx_HAL_Driver/Src/stm32f1xx_hal_gpio.o
                                      0x7f8f2 (size before relaxing)
 .debug_str     0x000000000008124e      0x229 ./Drivers/STM32F1xx_HAL_Driver/Src/stm32f1xx_hal_rcc.o
                                      0x7f99b (size before relaxing)
 .debug_str     0x0000000000081477      0xdd0 ./Drivers/STM32F1xx_HAL_Driver/Src/stm32f1xx_hal_tim.o
                                      0x8098d (size before relaxing)
 .debug_str     0x0000000000082247      0x493 ./Drivers/STM32F1xx_HAL_Driver/Src/stm32f1xx_hal_tim_ex.o
                                      0x801a9 (size before relaxing)

.comment        0x0000000000000000       0x50
 .comment       0x0000000000000000       0x50 ./Core/Src/input_processing.o
                                         0x51 (size before relaxing)
 .comment       0x0000000000000050       0x51 ./Core/Src/input_reading.o
 .comment       0x0000000000000050       0x51 ./Core/Src/led_display.o
 .comment       0x0000000000000050       0x51 ./Core/Src/main.o
 .comment       0x0000000000000050       0x51 ./Core/Src/stm32f1xx_hal_msp.o
 .comment       0x0000000000000050       0x51 ./Core/Src/stm32f1xx_it.o
 .comment       0x0000000000000050       0x51 ./Core/Src/system_stm32f1xx.o
 .comment       0x0000000000000050       0x51 ./Core/Src/timer.o
 .comment       0x0000000000000050       0x51 ./Drivers/STM32F1xx_HAL_Driver/Src/stm32f1xx_hal.o
 .comment       0x0000000000000050       0x51 ./Drivers/STM32F1xx_HAL_Driver/Src/stm32f1xx_hal_cortex.o
 .comment       0x0000000000000050       0x51 ./Drivers/STM32F1xx_HAL_Driver/Src/stm32f1xx_hal_gpio.o
 .comment       0x0000000000000050       0x51 ./Drivers/STM32F1xx_HAL_Driver/Src/stm32f1xx_hal_rcc.o
 .comment       0x0000000000000050       0x51 ./Drivers/STM32F1xx_HAL_Driver/Src/stm32f1xx_hal_tim.o
 .comment       0x0000000000000050       0x51 ./Drivers/STM32F1xx_HAL_Driver/Src/stm32f1xx_hal_tim_ex.o

.debug_frame    0x0000000000000000     0x2a44
 .debug_frame   0x0000000000000000       0x84 ./Core/Src/input_processing.o
 .debug_frame   0x0000000000000084       0xb0 ./Core/Src/input_reading.o
 .debug_frame   0x0000000000000134       0xcc ./Core/Src/led_display.o
 .debug_frame   0x0000000000000200      0x114 ./Core/Src/main.o
 .debug_frame   0x0000000000000314       0x80 ./Core/Src/stm32f1xx_hal_msp.o
 .debug_frame   0x0000000000000394      0x120 ./Core/Src/stm32f1xx_it.o
 .debug_frame   0x00000000000004b4       0x58 ./Core/Src/system_stm32f1xx.o
 .debug_frame   0x000000000000050c      0x23c ./Core/Src/timer.o
 .debug_frame   0x0000000000000748      0x334 ./Drivers/STM32F1xx_HAL_Driver/Src/stm32f1xx_hal.o
 .debug_frame   0x0000000000000a7c      0x428 ./Drivers/STM32F1xx_HAL_Driver/Src/stm32f1xx_hal_cortex.o
 .debug_frame   0x0000000000000ea4      0x14c ./Drivers/STM32F1xx_HAL_Driver/Src/stm32f1xx_hal_gpio.o
 .debug_frame   0x0000000000000ff0      0x218 ./Drivers/STM32F1xx_HAL_Driver/Src/stm32f1xx_hal_rcc.o
 .debug_frame   0x0000000000001208     0x11b8 ./Drivers/STM32F1xx_HAL_Driver/Src/stm32f1xx_hal_tim.o
 .debug_frame   0x00000000000023c0      0x638 ./Drivers/STM32F1xx_HAL_Driver/Src/stm32f1xx_hal_tim_ex.o
 .debug_frame   0x00000000000029f8       0x2c d:/programs/stm32cubeide_1.12.0/stm32cubeide/plugins/com.st.stm32cube.ide.mcu.externaltools.gnu-tools-for-stm32.10.3-2021.10.win32_1.0.200.202301161003/tools/bin/../lib/gcc/arm-none-eabi/10.3.1/../../../../arm-none-eabi/lib/thumb/v7-m/nofp\libc_nano.a(lib_a-init.o)
 .debug_frame   0x0000000000002a24       0x20 d:/programs/stm32cubeide_1.12.0/stm32cubeide/plugins/com.st.stm32cube.ide.mcu.externaltools.gnu-tools-for-stm32.10.3-2021.10.win32_1.0.200.202301161003/tools/bin/../lib/gcc/arm-none-eabi/10.3.1/../../../../arm-none-eabi/lib/thumb/v7-m/nofp\libc_nano.a(lib_a-memset.o)
